[     605ms] [ERROR] Access to XMLHttpRequest at 'http://localhost:8080/courses' from origin 'http://localhost:4173' has been blocked by CORS policy: No 'Access-Control-Allow-Origin' header is present on the requested resource. @ http://localhost:4173/course:0
[     607ms] [ERROR] Failed to load resource: net::ERR_FAILED @ http://localhost:8080/courses:0
[     607ms] [ERROR] Access to XMLHttpRequest at 'http://localhost:8080/course-types' from origin 'http://localhost:4173' has been blocked by CORS policy: No 'Access-Control-Allow-Origin' header is present on the requested resource. @ http://localhost:4173/course:0
[     607ms] [ERROR] Failed to load resource: net::ERR_FAILED @ http://localhost:8080/course-types:0
[     619ms] [ERROR] Access to XMLHttpRequest at 'http://localhost:8080/course-categories' from origin 'http://localhost:4173' has been blocked by CORS policy: No 'Access-Control-Allow-Origin' header is present on the requested resource. @ http://localhost:4173/course:0
[     620ms] [ERROR] Failed to load resource: net::ERR_FAILED @ http://localhost:8080/course-categories:0
[    1615ms] [ERROR] Access to XMLHttpRequest at 'http://localhost:8080/courses' from origin 'http://localhost:4173' has been blocked by CORS policy: No 'Access-Control-Allow-Origin' header is present on the requested resource. @ http://localhost:4173/course:0
[    1617ms] [ERROR] Failed to load resource: net::ERR_FAILED @ http://localhost:8080/courses:0
[    1622ms] [ERROR] Access to XMLHttpRequest at 'http://localhost:8080/course-types' from origin 'http://localhost:4173' has been blocked by CORS policy: No 'Access-Control-Allow-Origin' header is present on the requested resource. @ http://localhost:4173/course:0
[    1623ms] [ERROR] Failed to load resource: net::ERR_FAILED @ http://localhost:8080/course-types:0
[    1631ms] [ERROR] Access to XMLHttpRequest at 'http://localhost:8080/course-categories' from origin 'http://localhost:4173' has been blocked by CORS policy: No 'Access-Control-Allow-Origin' header is present on the requested resource. @ http://localhost:4173/course:0
[    1631ms] [ERROR] Failed to load resource: net::ERR_FAILED @ http://localhost:8080/course-categories:0
[    1652ms] TypeError: Cannot read properties of undefined (reading 'map')
    at w (http://localhost:4173/assets/Course-DMRfV0Fy.js:1:4117)
    at So (http://localhost:4173/assets/index-DkxPw89Q.js:9:47528)
    at hc (http://localhost:4173/assets/index-DkxPw89Q.js:9:70022)
    at Mc (http://localhost:4173/assets/index-DkxPw89Q.js:9:80298)
    at Mu (http://localhost:4173/assets/index-DkxPw89Q.js:9:115688)
    at ku (http://localhost:4173/assets/index-DkxPw89Q.js:9:114769)
    at Ou (http://localhost:4173/assets/index-DkxPw89Q.js:9:114607)
    at gu (http://localhost:4173/assets/index-DkxPw89Q.js:9:111472)
    at ld (http://localhost:4173/assets/index-DkxPw89Q.js:9:123116)
    at id (http://localhost:4173/assets/index-DkxPw89Q.js:9:121681)
[    1883ms] [ERROR] Invalid Lottie JSON string: The provided string does not conform to the Lottie JSON format. @ http://localhost:4173/assets/index-DkxPw89Q.js:9
